Archive member included to satisfy reference by file (symbol)

c:/st/stm32cubeide_1.7.0/stm32cubeide/plugins/com.st.stm32cube.ide.mcu.externaltools.gnu-tools-for-stm32.10.3-2021.10.win32_1.0.0.202111181127/tools/bin/../lib/gcc/arm-none-eabi/10.3.1/../../../../arm-none-eabi/lib/thumb/v6-m/nofp\libc_nano.a(lib_a-errno.o)
                              ./Core/Src/syscalls.o (__errno)
c:/st/stm32cubeide_1.7.0/stm32cubeide/plugins/com.st.stm32cube.ide.mcu.externaltools.gnu-tools-for-stm32.10.3-2021.10.win32_1.0.0.202111181127/tools/bin/../lib/gcc/arm-none-eabi/10.3.1/../../../../arm-none-eabi/lib/thumb/v6-m/nofp\libc_nano.a(lib_a-exit.o)
                              c:/st/stm32cubeide_1.7.0/stm32cubeide/plugins/com.st.stm32cube.ide.mcu.externaltools.gnu-tools-for-stm32.10.3-2021.10.win32_1.0.0.202111181127/tools/bin/../lib/gcc/arm-none-eabi/10.3.1/../../../../arm-none-eabi/lib/thumb/v6-m/nofp/crt0.o (exit)
c:/st/stm32cubeide_1.7.0/stm32cubeide/plugins/com.st.stm32cube.ide.mcu.externaltools.gnu-tools-for-stm32.10.3-2021.10.win32_1.0.0.202111181127/tools/bin/../lib/gcc/arm-none-eabi/10.3.1/../../../../arm-none-eabi/lib/thumb/v6-m/nofp\libc_nano.a(lib_a-impure.o)
                              c:/st/stm32cubeide_1.7.0/stm32cubeide/plugins/com.st.stm32cube.ide.mcu.externaltools.gnu-tools-for-stm32.10.3-2021.10.win32_1.0.0.202111181127/tools/bin/../lib/gcc/arm-none-eabi/10.3.1/../../../../arm-none-eabi/lib/thumb/v6-m/nofp\libc_nano.a(lib_a-exit.o) (_global_impure_ptr)
c:/st/stm32cubeide_1.7.0/stm32cubeide/plugins/com.st.stm32cube.ide.mcu.externaltools.gnu-tools-for-stm32.10.3-2021.10.win32_1.0.0.202111181127/tools/bin/../lib/gcc/arm-none-eabi/10.3.1/../../../../arm-none-eabi/lib/thumb/v6-m/nofp\libc_nano.a(lib_a-init.o)
                              c:/st/stm32cubeide_1.7.0/stm32cubeide/plugins/com.st.stm32cube.ide.mcu.externaltools.gnu-tools-for-stm32.10.3-2021.10.win32_1.0.0.202111181127/tools/bin/../lib/gcc/arm-none-eabi/10.3.1/../../../../arm-none-eabi/lib/thumb/v6-m/nofp/crt0.o (__libc_init_array)
c:/st/stm32cubeide_1.7.0/stm32cubeide/plugins/com.st.stm32cube.ide.mcu.externaltools.gnu-tools-for-stm32.10.3-2021.10.win32_1.0.0.202111181127/tools/bin/../lib/gcc/arm-none-eabi/10.3.1/../../../../arm-none-eabi/lib/thumb/v6-m/nofp\libc_nano.a(lib_a-memset.o)
                              c:/st/stm32cubeide_1.7.0/stm32cubeide/plugins/com.st.stm32cube.ide.mcu.externaltools.gnu-tools-for-stm32.10.3-2021.10.win32_1.0.0.202111181127/tools/bin/../lib/gcc/arm-none-eabi/10.3.1/../../../../arm-none-eabi/lib/thumb/v6-m/nofp/crt0.o (memset)
c:/st/stm32cubeide_1.7.0/stm32cubeide/plugins/com.st.stm32cube.ide.mcu.externaltools.gnu-tools-for-stm32.10.3-2021.10.win32_1.0.0.202111181127/tools/bin/../lib/gcc/arm-none-eabi/10.3.1/../../../../arm-none-eabi/lib/thumb/v6-m/nofp\libc_nano.a(lib_a-strlen.o)
                              ./Core/Src/main.o (strlen)
c:/st/stm32cubeide_1.7.0/stm32cubeide/plugins/com.st.stm32cube.ide.mcu.externaltools.gnu-tools-for-stm32.10.3-2021.10.win32_1.0.0.202111181127/tools/bin/../lib/gcc/arm-none-eabi/10.3.1/thumb/v6-m/nofp\libgcc.a(_udivsi3.o)
                              ./Core/Src/system_stm32g0xx.o (__aeabi_uidiv)
c:/st/stm32cubeide_1.7.0/stm32cubeide/plugins/com.st.stm32cube.ide.mcu.externaltools.gnu-tools-for-stm32.10.3-2021.10.win32_1.0.0.202111181127/tools/bin/../lib/gcc/arm-none-eabi/10.3.1/thumb/v6-m/nofp\libgcc.a(_divsi3.o)
                              ./Drivers/STM32G0xx_HAL_Driver/Src/stm32g0xx_hal_uart_ex.o (__aeabi_idiv)
c:/st/stm32cubeide_1.7.0/stm32cubeide/plugins/com.st.stm32cube.ide.mcu.externaltools.gnu-tools-for-stm32.10.3-2021.10.win32_1.0.0.202111181127/tools/bin/../lib/gcc/arm-none-eabi/10.3.1/thumb/v6-m/nofp\libgcc.a(_dvmd_tls.o)
                              c:/st/stm32cubeide_1.7.0/stm32cubeide/plugins/com.st.stm32cube.ide.mcu.externaltools.gnu-tools-for-stm32.10.3-2021.10.win32_1.0.0.202111181127/tools/bin/../lib/gcc/arm-none-eabi/10.3.1/thumb/v6-m/nofp\libgcc.a(_udivsi3.o) (__aeabi_idiv0)
c:/st/stm32cubeide_1.7.0/stm32cubeide/plugins/com.st.stm32cube.ide.mcu.externaltools.gnu-tools-for-stm32.10.3-2021.10.win32_1.0.0.202111181127/tools/bin/../lib/gcc/arm-none-eabi/10.3.1/thumb/v6-m/nofp\libgcc.a(_aeabi_uldivmod.o)
                              ./Drivers/STM32G0xx_HAL_Driver/Src/stm32g0xx_hal_uart.o (__aeabi_uldivmod)
c:/st/stm32cubeide_1.7.0/stm32cubeide/plugins/com.st.stm32cube.ide.mcu.externaltools.gnu-tools-for-stm32.10.3-2021.10.win32_1.0.0.202111181127/tools/bin/../lib/gcc/arm-none-eabi/10.3.1/thumb/v6-m/nofp\libgcc.a(_udivmoddi4.o)
                              c:/st/stm32cubeide_1.7.0/stm32cubeide/plugins/com.st.stm32cube.ide.mcu.externaltools.gnu-tools-for-stm32.10.3-2021.10.win32_1.0.0.202111181127/tools/bin/../lib/gcc/arm-none-eabi/10.3.1/thumb/v6-m/nofp\libgcc.a(_aeabi_uldivmod.o) (__udivmoddi4)
[...]
Memory Configuration

Name             Origin             Length             Attributes
RAM              0x0000000020000000 0x0000000000009000 xrw
FLASH            0x0000000008000000 0x0000000000020000 xr
*default*        0x0000000000000000 0xffffffffffffffff

Linker script and memory map

LOAD c:/st/stm32cubeide_1.7.0/stm32cubeide/plugins/com.st.stm32cube.ide.mcu.externaltools.gnu-tools-for-stm32.10.3-2021.10.win32_1.0.0.202111181127/tools/bin/../lib/gcc/arm-none-eabi/10.3.1/thumb/v6-m/nofp/crti.o
LOAD c:/st/stm32cubeide_1.7.0/stm32cubeide/plugins/com.st.stm32cube.ide.mcu.externaltools.gnu-tools-for-stm32.10.3-2021.10.win32_1.0.0.202111181127/tools/bin/../lib/gcc/arm-none-eabi/10.3.1/thumb/v6-m/nofp/crtbegin.o
LOAD c:/st/stm32cubeide_1.7.0/stm32cubeide/plugins/com.st.stm32cube.ide.mcu.externaltools.gnu-tools-for-stm32.10.3-2021.10.win32_1.0.0.202111181127/tools/bin/../lib/gcc/arm-none-eabi/10.3.1/../../../../arm-none-eabi/lib/thumb/v6-m/nofp/crt0.o
LOAD ./Core/Src/main.o
LOAD ./Core/Src/stm32g0xx_hal_msp.o
LOAD ./Core/Src/stm32g0xx_it.o
LOAD ./Core/Src/syscalls.o
LOAD ./Core/Src/sysmem.o
LOAD ./Core/Src/system_stm32g0xx.o
LOAD ./Core/Startup/startup_stm32g071rbtx.o
LOAD ./Drivers/STM32G0xx_HAL_Driver/Src/stm32g0xx_hal.o
LOAD ./Drivers/STM32G0xx_HAL_Driver/Src/stm32g0xx_hal_cortex.o
LOAD ./Drivers/STM32G0xx_HAL_Driver/Src/stm32g0xx_hal_dma.o
LOAD ./Drivers/STM32G0xx_HAL_Driver/Src/stm32g0xx_hal_dma_ex.o
LOAD ./Drivers/STM32G0xx_HAL_Driver/Src/stm32g0xx_hal_exti.o
LOAD ./Drivers/STM32G0xx_HAL_Driver/Src/stm32g0xx_hal_flash.o
LOAD ./Drivers/STM32G0xx_HAL_Driver/Src/stm32g0xx_hal_flash_ex.o
LOAD ./Drivers/STM32G0xx_HAL_Driver/Src/stm32g0xx_hal_gpio.o
LOAD ./Drivers/STM32G0xx_HAL_Driver/Src/stm32g0xx_hal_pwr.o
LOAD ./Drivers/STM32G0xx_HAL_Driver/Src/stm32g0xx_hal_pwr_ex.o
LOAD ./Drivers/STM32G0xx_HAL_Driver/Src/stm32g0xx_hal_rcc.o
LOAD ./Drivers/STM32G0xx_HAL_Driver/Src/stm32g0xx_hal_rcc_ex.o
LOAD ./Drivers/STM32G0xx_HAL_Driver/Src/stm32g0xx_hal_rtc.o
LOAD ./Drivers/STM32G0xx_HAL_Driver/Src/stm32g0xx_hal_rtc_ex.o
LOAD ./Drivers/STM32G0xx_HAL_Driver/Src/stm32g0xx_hal_tim.o
LOAD ./Drivers/STM32G0xx_HAL_Driver/Src/stm32g0xx_hal_tim_ex.o
LOAD ./Drivers/STM32G0xx_HAL_Driver/Src/stm32g0xx_hal_uart.o
LOAD ./Drivers/STM32G0xx_HAL_Driver/Src/stm32g0xx_hal_uart_ex.o
LOAD ./Drivers/STM32G0xx_HAL_Driver/Src/stm32g0xx_ll_dma.o
LOAD ./Drivers/STM32G0xx_HAL_Driver/Src/stm32g0xx_ll_rcc.o
START GROUP
LOAD c:/st/stm32cubeide_1.7.0/stm32cubeide/plugins/com.st.stm32cube.ide.mcu.externaltools.gnu-tools-for-stm32.10.3-2021.10.win32_1.0.0.202111181127/tools/bin/../lib/gcc/arm-none-eabi/10.3.1/../../../../arm-none-eabi/lib/thumb/v6-m/nofp\libc_nano.a
LOAD c:/st/stm32cubeide_1.7.0/stm32cubeide/plugins/com.st.stm32cube.ide.mcu.externaltools.gnu-tools-for-stm32.10.3-2021.10.win32_1.0.0.202111181127/tools/bin/../lib/gcc/arm-none-eabi/10.3.1/../../../../arm-none-eabi/lib/thumb/v6-m/nofp\libm.a
END GROUP
START GROUP
LOAD c:/st/stm32cubeide_1.7.0/stm32cubeide/plugins/com.st.stm32cube.ide.mcu.externaltools.gnu-tools-for-stm32.10.3-2021.10.win32_1.0.0.202111181127/tools/bin/../lib/gcc/arm-none-eabi/10.3.1/thumb/v6-m/nofp\libgcc.a
LOAD c:/st/stm32cubeide_1.7.0/stm32cubeide/plugins/com.st.stm32cube.ide.mcu.externaltools.gnu-tools-for-stm32.10.3-2021.10.win32_1.0.0.202111181127/tools/bin/../lib/gcc/arm-none-eabi/10.3.1/../../../../arm-none-eabi/lib/thumb/v6-m/nofp\libc_nano.a
END GROUP
START GROUP
LOAD c:/st/stm32cubeide_1.7.0/stm32cubeide/plugins/com.st.stm32cube.ide.mcu.externaltools.gnu-tools-for-stm32.10.3-2021.10.win32_1.0.0.202111181127/tools/bin/../lib/gcc/arm-none-eabi/10.3.1/thumb/v6-m/nofp\libgcc.a
LOAD c:/st/stm32cubeide_1.7.0/stm32cubeide/plugins/com.st.stm32cube.ide.mcu.externaltools.gnu-tools-for-stm32.10.3-2021.10.win32_1.0.0.202111181127/tools/bin/../lib/gcc/arm-none-eabi/10.3.1/../../../../arm-none-eabi/lib/thumb/v6-m/nofp\libc_nano.a
LOAD c:/st/stm32cubeide_1.7.0/stm32cubeide/plugins/com.st.stm32cube.ide.mcu.externaltools.gnu-tools-for-stm32.10.3-2021.10.win32_1.0.0.202111181127/tools/bin/../lib/gcc/arm-none-eabi/10.3.1/../../../../arm-none-eabi/lib/thumb/v6-m/nofp\libnosys.a
END GROUP
START GROUP
LOAD c:/st/stm32cubeide_1.7.0/stm32cubeide/plugins/com.st.stm32cube.ide.mcu.externaltools.gnu-tools-for-stm32.10.3-2021.10.win32_1.0.0.202111181127/tools/bin/../lib/gcc/arm-none-eabi/10.3.1/thumb/v6-m/nofp\libgcc.a
LOAD c:/st/stm32cubeide_1.7.0/stm32cubeide/plugins/com.st.stm32cube.ide.mcu.externaltools.gnu-tools-for-stm32.10.3-2021.10.win32_1.0.0.202111181127/tools/bin/../lib/gcc/arm-none-eabi/10.3.1/../../../../arm-none-eabi/lib/thumb/v6-m/nofp\libc_nano.a
LOAD c:/st/stm32cubeide_1.7.0/stm32cubeide/plugins/com.st.stm32cube.ide.mcu.externaltools.gnu-tools-for-stm32.10.3-2021.10.win32_1.0.0.202111181127/tools/bin/../lib/gcc/arm-none-eabi/10.3.1/../../../../arm-none-eabi/lib/thumb/v6-m/nofp\libnosys.a
END GROUP
LOAD c:/st/stm32cubeide_1.7.0/stm32cubeide/plugins/com.st.stm32cube.ide.mcu.externaltools.gnu-tools-for-stm32.10.3-2021.10.win32_1.0.0.202111181127/tools/bin/../lib/gcc/arm-none-eabi/10.3.1/thumb/v6-m/nofp/crtend.o
LOAD c:/st/stm32cubeide_1.7.0/stm32cubeide/plugins/com.st.stm32cube.ide.mcu.externaltools.gnu-tools-for-stm32.10.3-2021.10.win32_1.0.0.202111181127/tools/bin/../lib/gcc/arm-none-eabi/10.3.1/thumb/v6-m/nofp/crtn.o
                0x0000000020009000                _estack = (ORIGIN (RAM) + LENGTH (RAM))
                0x0000000000000200                _Min_Heap_Size = 0x200
                0x0000000000000400                _Min_Stack_Size = 0x400

.isr_vector     0x0000000008000000       0xbc
                0x0000000008000000                . = ALIGN (0x4)
 *(.isr_vector)
 .isr_vector    0x0000000008000000       0xbc ./Core/Startup/startup_stm32g071rbtx.o
                0x0000000008000000                g_pfnVectors
                0x00000000080000bc                . = ALIGN (0x4)

.text           0x00000000080000bc     0x37e4
                0x00000000080000bc                . = ALIGN (0x4)
 *(.text)
 .text          0x00000000080000bc       0x48 c:/st/stm32cubeide_1.7.0/stm32cubeide/plugins/com.st.stm32cube.ide.mcu.externaltools.gnu-tools-for-stm32.10.3-2021.10.win32_1.0.0.202111181127/tools/bin/../lib/gcc/arm-none-eabi/10.3.1/thumb/v6-m/nofp/crtbegin.o
 .text          0x0000000008000104        0xe c:/st/stm32cubeide_1.7.0/stm32cubeide/plugins/com.st.stm32cube.ide.mcu.externaltools.gnu-tools-for-stm32.10.3-2021.10.win32_1.0.0.202111181127/tools/bin/../lib/gcc/arm-none-eabi/10.3.1/../../../../arm-none-eabi/lib/thumb/v6-m/nofp\libc_nano.a(lib_a-strlen.o)
                0x0000000008000104                strlen
 *fill*         0x0000000008000112        0x2 
 .text          0x0000000008000114      0x114 c:/st/stm32cubeide_1.7.0/stm32cubeide/plugins/com.st.stm32cube.ide.mcu.externaltools.gnu-tools-for-stm32.10.3-2021.10.win32_1.0.0.202111181127/tools/bin/../lib/gcc/arm-none-eabi/10.3.1/thumb/v6-m/nofp\libgcc.a(_udivsi3.o)
                0x0000000008000114                __aeabi_uidiv
                0x0000000008000114                __udivsi3
                0x0000000008000220                __aeabi_uidivmod
 .text          0x0000000008000228      0x1d4 c:/st/stm32cubeide_1.7.0/stm32cubeide/plugins/com.st.stm32cube.ide.mcu.externaltools.gnu-tools-for-stm32.10.3-2021.10.win32_1.0.0.202111181127/tools/bin/../lib/gcc/arm-none-eabi/10.3.1/thumb/v6-m/nofp\libgcc.a(_divsi3.o)
                0x0000000008000228                __divsi3
                0x0000000008000228                __aeabi_idiv
                0x00000000080003f4                __aeabi_idivmod
 .text          0x00000000080003fc        0x4 c:/st/stm32cubeide_1.7.0/stm32cubeide/plugins/com.st.stm32cube.ide.mcu.externaltools.gnu-tools-for-stm32.10.3-2021.10.win32_1.0.0.202111181127/tools/bin/../lib/gcc/arm-none-eabi/10.3.1/thumb/v6-m/nofp\libgcc.a(_dvmd_tls.o)
                0x00000000080003fc                __aeabi_idiv0
                0x00000000080003fc                __aeabi_ldiv0
 .text          0x0000000008000400       0x40 c:/st/stm32cubeide_1.7.0/stm32cubeide/plugins/com.st.stm32cube.ide.mcu.externaltools.gnu-tools-for-stm32.10.3-2021.10.win32_1.0.0.202111181127/tools/bin/../lib/gcc/arm-none-eabi/10.3.1/thumb/v6-m/nofp\libgcc.a(_aeabi_uldivmod.o)
                0x0000000008000400                __aeabi_uldivmod
 .text          0x0000000008000440      0x198 c:/st/stm32cubeide_1.7.0/stm32cubeide/plugins/com.st.stm32cube.ide.mcu.externaltools.gnu-tools-for-stm32.10.3-2021.10.win32_1.0.0.202111181127/tools/bin/../lib/gcc/arm-none-eabi/10.3.1/thumb/v6-m/nofp\libgcc.a(_udivmoddi4.o)
                0x0000000008000440                __udivmoddi4
 .text          0x00000000080005d8       0x18 c:/st/stm32cubeide_1.7.0/stm32cubeide/plugins/com.st.stm32cube.ide.mcu.externaltools.gnu-tools-for-stm32.10.3-2021.10.win32_1.0.0.202111181127/tools/bin/../lib/gcc/arm-none-eabi/10.3.1/thumb/v6-m/nofp\libgcc.a(_clzdi2.o)
                0x00000000080005d8                __clzdi2
 .text          0x00000000080005f0       0x3c c:/st/stm32cubeide_1.7.0/stm32cubeide/plugins/com.st.stm32cube.ide.mcu.externaltools.gnu-tools-for-stm32.10.3-2021.10.win32_1.0.0.202111181127/tools/bin/../lib/gcc/arm-none-eabi/10.3.1/thumb/v6-m/nofp\libgcc.a(_clzsi2.o)
                0x00000000080005f0                __clzsi2
 *(.text*)
 .text.main     0x000000000800062c       0x40 ./Core/Src/main.o
                0x000000000800062c                main
 .text.SystemClock_Config
                0x000000000800066c       0xac ./Core/Src/main.o
                0x000000000800066c                SystemClock_Config
 .text.MX_RTC_Init
                0x0000000008000718       0x74 ./Core/Src/main.o
 .text.MX_TIM6_Init
                0x000000000800078c       0x7c ./Core/Src/main.o
 .text.MX_USART2_UART_Init
                0x0000000008000808       0x9c ./Core/Src/main.o
 .text.MX_GPIO_Init
                0x00000000080008a4       0xd8 ./Core/Src/main.o
 .text.HAL_TIM_PeriodElapsedCallback
                0x000000000800097c       0x30 ./Core/Src/main.o
                0x000000000800097c                HAL_TIM_PeriodElapsedCallback
 .text.Error_Handler
                0x00000000080009ac        0xa ./Core/Src/main.o
                0x00000000080009ac                Error_Handler
 *fill*         0x00000000080009b6        0x2 
 .text.HAL_MspInit
                0x00000000080009b8       0x48 ./Core/Src/stm32g0xx_hal_msp.o
                0x00000000080009b8                HAL_MspInit
 .text.HAL_RTC_MspInit
                0x0000000008000a00       0x8c ./Core/Src/stm32g0xx_hal_msp.o
                0x0000000008000a00                HAL_RTC_MspInit
 .text.HAL_TIM_Base_MspInit
                0x0000000008000a8c       0x4c ./Core/Src/stm32g0xx_hal_msp.o
                0x0000000008000a8c                HAL_TIM_Base_MspInit
 .text.HAL_UART_MspInit
                0x0000000008000ad8       0xc0 ./Core/Src/stm32g0xx_hal_msp.o
                0x0000000008000ad8                HAL_UART_MspInit
 .text.NMI_Handler
                0x0000000008000b98        0x6 ./Core/Src/stm32g0xx_it.o
                0x0000000008000b98                NMI_Handler
 .text.HardFault_Handler
                0x0000000008000b9e        0x6 ./Core/Src/stm32g0xx_it.o
                0x0000000008000b9e                HardFault_Handler
 .text.SVC_Handler
                0x0000000008000ba4        0xa ./Core/Src/stm32g0xx_it.o
                0x0000000008000ba4                SVC_Handler
 .text.PendSV_Handler
                0x0000000008000bae        0xa ./Core/Src/stm32g0xx_it.o
                0x0000000008000bae                PendSV_Handler
 .text.SysTick_Handler
                0x0000000008000bb8        0xe ./Core/Src/stm32g0xx_it.o
                0x0000000008000bb8                SysTick_Handler
 *fill*         0x0000000008000bc6        0x2 
 .text.RTC_TAMP_IRQHandler
                0x0000000008000bc8       0x18 ./Core/Src/stm32g0xx_it.o
                0x0000000008000bc8                RTC_TAMP_IRQHandler
 .text.EXTI4_15_IRQHandler
                0x0000000008000be0       0x14 ./Core/Src/stm32g0xx_it.o
                0x0000000008000be0                EXTI4_15_IRQHandler
 .text.TIM6_DAC_LPTIM1_IRQHandler
                0x0000000008000bf4       0x18 ./Core/Src/stm32g0xx_it.o
                0x0000000008000bf4                TIM6_DAC_LPTIM1_IRQHandler
 .text.SystemInit
                0x0000000008000c0c        0xa ./Core/Src/system_stm32g0xx.o
                0x0000000008000c0c                SystemInit
 *fill*         0x0000000008000c16        0x2 
 .text.Reset_Handler
                0x0000000008000c18       0x50 ./Core/Startup/startup_stm32g071rbtx.o
                0x0000000008000c18                Reset_Handler
 .text.Default_Handler
                0x0000000008000c68        0x2 ./Core/Startup/startup_stm32g071rbtx.o
                0x0000000008000c68                USART3_4_LPUART1_IRQHandler
                0x0000000008000c68                TIM1_CC_IRQHandler
                0x0000000008000c68                ADC1_COMP_IRQHandler
                0x0000000008000c68                PVD_IRQHandler
                0x0000000008000c68                I2C1_IRQHandler
                0x0000000008000c68                TIM7_LPTIM2_IRQHandler
                0x0000000008000c68                SPI1_IRQHandler
                0x0000000008000c68                EXTI2_3_IRQHandler
                0x0000000008000c68                I2C2_IRQHandler
                0x0000000008000c68                TIM17_IRQHandler
                0x0000000008000c68                TIM16_IRQHandler
                0x0000000008000c68                TIM3_IRQHandler
                0x0000000008000c68                RCC_IRQHandler
                0x0000000008000c68                DMA1_Channel1_IRQHandler
                0x0000000008000c68                Default_Handler
                0x0000000008000c68                CEC_IRQHandler
                0x0000000008000c68                TIM14_IRQHandler
                0x0000000008000c68                TIM15_IRQHandler
                0x0000000008000c68                EXTI0_1_IRQHandler
                0x0000000008000c68                SPI2_IRQHandler
                0x0000000008000c68                WWDG_IRQHandler
                0x0000000008000c68                TIM2_IRQHandler
                0x0000000008000c68                DMA1_Ch4_7_DMAMUX1_OVR_IRQHandler
                0x0000000008000c68                DMA1_Channel2_3_IRQHandler
                0x0000000008000c68                UCPD1_2_IRQHandler
                0x0000000008000c68                USART2_IRQHandler
                0x0000000008000c68                FLASH_IRQHandler
                0x0000000008000c68                USART1_IRQHandler
                0x0000000008000c68                TIM1_BRK_UP_TRG_COM_IRQHandler
 *fill*         0x0000000008000c6a        0x2 
 .text.HAL_Init
                0x0000000008000c6c       0x40 ./Drivers/STM32G0xx_HAL_Driver/Src/stm32g0xx_hal.o
                0x0000000008000c6c                HAL_Init
 .text.HAL_InitTick
                0x0000000008000cac       0x94 ./Drivers/STM32G0xx_HAL_Driver/Src/stm32g0xx_hal.o
                0x0000000008000cac                HAL_InitTick
 .text.HAL_IncTick
                0x0000000008000d40       0x24 ./Drivers/STM32G0xx_HAL_Driver/Src/stm32g0xx_hal.o
                0x0000000008000d40                HAL_IncTick
 .text.HAL_GetTick
                0x0000000008000d64       0x14 ./Drivers/STM32G0xx_HAL_Driver/Src/stm32g0xx_hal.o
                0x0000000008000d64                HAL_GetTick
 .text.__NVIC_EnableIRQ
                0x0000000008000d78       0x34 ./Drivers/STM32G0xx_HAL_Driver/Src/stm32g0xx_hal_cortex.o
 .text.__NVIC_SetPriority
                0x0000000008000dac       0xdc ./Drivers/STM32G0xx_HAL_Driver/Src/stm32g0xx_hal_cortex.o
 .text.SysTick_Config
                0x0000000008000e88       0x48 ./Drivers/STM32G0xx_HAL_Driver/Src/stm32g0xx_hal_cortex.o
 .text.HAL_NVIC_SetPriority
                0x0000000008000ed0       0x2a ./Drivers/STM32G0xx_HAL_Driver/Src/stm32g0xx_hal_cortex.o
                0x0000000008000ed0                HAL_NVIC_SetPriority
 .text.HAL_NVIC_EnableIRQ
                0x0000000008000efa       0x20 ./Drivers/STM32G0xx_HAL_Driver/Src/stm32g0xx_hal_cortex.o
                0x0000000008000efa                HAL_NVIC_EnableIRQ
 .text.HAL_SYSTICK_Config
                0x0000000008000f1a       0x1a ./Drivers/STM32G0xx_HAL_Driver/Src/stm32g0xx_hal_cortex.o
                0x0000000008000f1a                HAL_SYSTICK_Config
 .text.HAL_GPIO_Init
                0x0000000008000f34      0x2c8 ./Drivers/STM32G0xx_HAL_Driver/Src/stm32g0xx_hal_gpio.o
                0x0000000008000f34                HAL_GPIO_Init
 .text.HAL_GPIO_WritePin
                0x00000000080011fc       0x3a ./Drivers/STM32G0xx_HAL_Driver/Src/stm32g0xx_hal_gpio.o
                0x00000000080011fc                HAL_GPIO_WritePin
 *fill*         0x0000000008001236        0x2 
 .text.HAL_GPIO_EXTI_IRQHandler
                0x0000000008001238       0x54 ./Drivers/STM32G0xx_HAL_Driver/Src/stm32g0xx_hal_gpio.o
                0x0000000008001238                HAL_GPIO_EXTI_IRQHandler
 .text.HAL_GPIO_EXTI_Rising_Callback
                0x000000000800128c       0x14 ./Drivers/STM32G0xx_HAL_Driver/Src/stm32g0xx_hal_gpio.o
                0x000000000800128c                HAL_GPIO_EXTI_Rising_Callback
 .text.HAL_GPIO_EXTI_Falling_Callback
                0x00000000080012a0       0x14 ./Drivers/STM32G0xx_HAL_Driver/Src/stm32g0xx_hal_gpio.o
                0x00000000080012a0                HAL_GPIO_EXTI_Falling_Callback
 .text.HAL_PWR_EnableBkUpAccess
                0x00000000080012b4       0x1c ./Drivers/STM32G0xx_HAL_Driver/Src/stm32g0xx_hal_pwr.o
                0x00000000080012b4                HAL_PWR_EnableBkUpAccess
 .text.HAL_PWR_EnterSTOPMode
                0x00000000080012d0       0x70 ./Drivers/STM32G0xx_HAL_Driver/Src/stm32g0xx_hal_pwr.o
                0x00000000080012d0                HAL_PWR_EnterSTOPMode
 .text.HAL_PWREx_ControlVoltageScaling
                0x0000000008001340       0x80 ./Drivers/STM32G0xx_HAL_Driver/Src/stm32g0xx_hal_pwr_ex.o
                0x0000000008001340                HAL_PWREx_ControlVoltageScaling
 .text.LL_RCC_GetAPB1Prescaler
                0x00000000080013c0       0x18 ./Drivers/STM32G0xx_HAL_Driver/Src/stm32g0xx_hal_rcc.o
 .text.HAL_RCC_OscConfig
                0x00000000080013d8      0x634 ./Drivers/STM32G0xx_HAL_Driver/Src/stm32g0xx_hal_rcc.o
                0x00000000080013d8                HAL_RCC_OscConfig
 .text.HAL_RCC_ClockConfig
                0x0000000008001a0c      0x210 ./Drivers/STM32G0xx_HAL_Driver/Src/stm32g0xx_hal_rcc.o
                0x0000000008001a0c                HAL_RCC_ClockConfig
 .text.HAL_RCC_GetSysClockFreq
                0x0000000008001c1c      0x104 ./Drivers/STM32G0xx_HAL_Driver/Src/stm32g0xx_hal_rcc.o
                0x0000000008001c1c                HAL_RCC_GetSysClockFreq
 .text.HAL_RCC_GetHCLKFreq
                0x0000000008001d20       0x14 ./Drivers/STM32G0xx_HAL_Driver/Src/stm32g0xx_hal_rcc.o
                0x0000000008001d20                HAL_RCC_GetHCLKFreq
 .text.HAL_RCC_GetPCLK1Freq
                0x0000000008001d34       0x2c ./Drivers/STM32G0xx_HAL_Driver/Src/stm32g0xx_hal_rcc.o
                0x0000000008001d34                HAL_RCC_GetPCLK1Freq
 .text.HAL_RCCEx_PeriphCLKConfig
                0x0000000008001d60      0x370 ./Drivers/STM32G0xx_HAL_Driver/Src/stm32g0xx_hal_rcc_ex.o
                0x0000000008001d60                HAL_RCCEx_PeriphCLKConfig
 .text.HAL_RTC_Init
                0x00000000080020d0      0x144 ./Drivers/STM32G0xx_HAL_Driver/Src/stm32g0xx_hal_rtc.o
                0x00000000080020d0                HAL_RTC_Init
 .text.HAL_RTC_WaitForSynchro
                0x0000000008002214       0x4e ./Drivers/STM32G0xx_HAL_Driver/Src/stm32g0xx_hal_rtc.o
                0x0000000008002214                HAL_RTC_WaitForSynchro
 .text.RTC_EnterInitMode
                0x0000000008002262       0x84 ./Drivers/STM32G0xx_HAL_Driver/Src/stm32g0xx_hal_rtc.o
                0x0000000008002262                RTC_EnterInitMode
 *fill*         0x00000000080022e6        0x2 
 .text.RTC_ExitInitMode
                0x00000000080022e8       0x88 ./Drivers/STM32G0xx_HAL_Driver/Src/stm32g0xx_hal_rtc.o
                0x00000000080022e8                RTC_ExitInitMode
 .text.HAL_RTCEx_SetWakeUpTimer_IT
                0x0000000008002370      0x134 ./Drivers/STM32G0xx_HAL_Driver/Src/stm32g0xx_hal_rtc_ex.o
                0x0000000008002370                HAL_RTCEx_SetWakeUpTimer_IT
 .text.HAL_RTCEx_WakeUpTimerIRQHandler
                0x00000000080024a4       0x3c ./Drivers/STM32G0xx_HAL_Driver/Src/stm32g0xx_hal_rtc_ex.o
                0x00000000080024a4                HAL_RTCEx_WakeUpTimerIRQHandler
 .text.HAL_RTCEx_WakeUpTimerEventCallback
                0x00000000080024e0       0x10 ./Drivers/STM32G0xx_HAL_Driver/Src/stm32g0xx_hal_rtc_ex.o
                0x00000000080024e0                HAL_RTCEx_WakeUpTimerEventCallback
 .text.HAL_TIM_Base_Init
                0x00000000080024f0       0xb0 ./Drivers/STM32G0xx_HAL_Driver/Src/stm32g0xx_hal_tim.o
                0x00000000080024f0                HAL_TIM_Base_Init
 .text.HAL_TIM_Base_Start_IT
                0x00000000080025a0       0xb8 ./Drivers/STM32G0xx_HAL_Driver/Src/stm32g0xx_hal_tim.o
                0x00000000080025a0                HAL_TIM_Base_Start_IT
 .text.HAL_TIM_IRQHandler
                0x0000000008002658      0x264 ./Drivers/STM32G0xx_HAL_Driver/Src/stm32g0xx_hal_tim.o
                0x0000000008002658                HAL_TIM_IRQHandler
 .text.HAL_TIM_OC_DelayElapsedCallback
                0x00000000080028bc       0x10 ./Drivers/STM32G0xx_HAL_Driver/Src/stm32g0xx_hal_tim.o
                0x00000000080028bc                HAL_TIM_OC_DelayElapsedCallback
 .text.HAL_TIM_IC_CaptureCallback
                0x00000000080028cc       0x10 ./Drivers/STM32G0xx_HAL_Driver/Src/stm32g0xx_hal_tim.o
                0x00000000080028cc                HAL_TIM_IC_CaptureCallback
 .text.HAL_TIM_PWM_PulseFinishedCallback
                0x00000000080028dc       0x10 ./Drivers/STM32G0xx_HAL_Driver/Src/stm32g0xx_hal_tim.o
                0x00000000080028dc                HAL_TIM_PWM_PulseFinishedCallback
 .text.HAL_TIM_TriggerCallback
                0x00000000080028ec       0x10 ./Drivers/STM32G0xx_HAL_Driver/Src/stm32g0xx_hal_tim.o
                0x00000000080028ec                HAL_TIM_TriggerCallback
 .text.TIM_Base_SetConfig
                0x00000000080028fc      0x100 ./Drivers/STM32G0xx_HAL_Driver/Src/stm32g0xx_hal_tim.o
                0x00000000080028fc                TIM_Base_SetConfig
 .text.HAL_TIMEx_MasterConfigSynchronization
                0x00000000080029fc       0xdc ./Drivers/STM32G0xx_HAL_Driver/Src/stm32g0xx_hal_tim_ex.o
                0x00000000080029fc                HAL_TIMEx_MasterConfigSynchronization
 .text.HAL_TIMEx_CommutCallback
                0x0000000008002ad8       0x10 ./Drivers/STM32G0xx_HAL_Driver/Src/stm32g0xx_hal_tim_ex.o
                0x0000000008002ad8                HAL_TIMEx_CommutCallback
 .text.HAL_TIMEx_BreakCallback
                0x0000000008002ae8       0x10 ./Drivers/STM32G0xx_HAL_Driver/Src/stm32g0xx_hal_tim_ex.o
                0x0000000008002ae8                HAL_TIMEx_BreakCallback
 .text.HAL_TIMEx_Break2Callback
                0x0000000008002af8       0x10 ./Drivers/STM32G0xx_HAL_Driver/Src/stm32g0xx_hal_tim_ex.o
                0x0000000008002af8                HAL_TIMEx_Break2Callback
 .text.HAL_UART_Init
                0x0000000008002b08       0xac ./Drivers/STM32G0xx_HAL_Driver/Src/stm32g0xx_hal_uart.o
                0x0000000008002b08                HAL_UART_Init
 .text.HAL_UART_Transmit
                0x0000000008002bb4      0x138 ./Drivers/STM32G0xx_HAL_Driver/Src/stm32g0xx_hal_uart.o
                0x0000000008002bb4                HAL_UART_Transmit
 .text.UART_SetConfig
                0x0000000008002cec      0x57c ./Drivers/STM32G0xx_HAL_Driver/Src/stm32g0xx_hal_uart.o
                0x0000000008002cec                UART_SetConfig
 .text.UART_AdvFeatureConfig
                0x0000000008003268      0x168 ./Drivers/STM32G0xx_HAL_Driver/Src/stm32g0xx_hal_uart.o
                0x0000000008003268                UART_AdvFeatureConfig
 .text.UART_CheckIdleState
                0x00000000080033d0       0x9c ./Drivers/STM32G0xx_HAL_Driver/Src/stm32g0xx_hal_uart.o
                0x00000000080033d0                UART_CheckIdleState
 .text.UART_WaitOnFlagUntilTimeout
                0x000000000800346c      0x190 ./Drivers/STM32G0xx_HAL_Driver/Src/stm32g0xx_hal_uart.o
                0x000000000800346c                UART_WaitOnFlagUntilTimeout
 .text.HAL_UARTEx_DisableFifoMode
                0x00000000080035fc       0x74 ./Drivers/STM32G0xx_HAL_Driver/Src/stm32g0xx_hal_uart_ex.o
                0x00000000080035fc                HAL_UARTEx_DisableFifoMode
 .text.HAL_UARTEx_SetTxFifoThreshold
                0x0000000008003670       0x7e ./Drivers/STM32G0xx_HAL_Driver/Src/stm32g0xx_hal_uart_ex.o
                0x0000000008003670                HAL_UARTEx_SetTxFifoThreshold
 *fill*         0x00000000080036ee        0x2 
 .text.HAL_UARTEx_SetRxFifoThreshold
                0x00000000080036f0       0x84 ./Drivers/STM32G0xx_HAL_Driver/Src/stm32g0xx_hal_uart_ex.o
                0x00000000080036f0                HAL_UARTEx_SetRxFifoThreshold
 .text.UARTEx_SetNbDataToProcess
                0x0000000008003774       0xbc ./Drivers/STM32G0xx_HAL_Driver/Src/stm32g0xx_hal_uart_ex.o
 .text.__libc_init_array
                0x0000000008003830       0x48 c:/st/stm32cubeide_1.7.0/stm32cubeide/plugins/com.st.stm32cube.ide.mcu.externaltools.gnu-tools-for-stm32.10.3-2021.10.win32_1.0.0.202111181127/tools/bin/../lib/gcc/arm-none-eabi/10.3.1/../../../../arm-none-eabi/lib/thumb/v6-m/nofp\libc_nano.a(lib_a-init.o)
                0x0000000008003830                __libc_init_array
 .text.memset   0x0000000008003878       0x10 c:/st/stm32cubeide_1.7.0/stm32cubeide/plugins/com.st.stm32cube.ide.mcu.externaltools.gnu-tools-for-stm32.10.3-2021.10.win32_1.0.0.202111181127/tools/bin/../lib/gcc/arm-none-eabi/10.3.1/../../../../arm-none-eabi/lib/thumb/v6-m/nofp\libc_nano.a(lib_a-memset.o)
                0x0000000008003878                memset
 *(.glue_7)
 .glue_7        0x0000000008003888        0x0 linker stubs
 *(.glue_7t)
 .glue_7t       0x0000000008003888        0x0 linker stubs
 *(.eh_frame)
 .eh_frame      0x0000000008003888        0x0 c:/st/stm32cubeide_1.7.0/stm32cubeide/plugins/com.st.stm32cube.ide.mcu.externaltools.gnu-tools-for-stm32.10.3-2021.10.win32_1.0.0.202111181127/tools/bin/../lib/gcc/arm-none-eabi/10.3.1/thumb/v6-m/nofp/crtbegin.o
 *(.init)
 .init          0x0000000008003888        0x4 c:/st/stm32cubeide_1.7.0/stm32cubeide/plugins/com.st.stm32cube.ide.mcu.externaltools.gnu-tools-for-stm32.10.3-2021.10.win32_1.0.0.202111181127/tools/bin/../lib/gcc/arm-none-eabi/10.3.1/thumb/v6-m/nofp/crti.o
                0x0000000008003888                _init
 .init          0x000000000800388c        0x8 c:/st/stm32cubeide_1.7.0/stm32cubeide/plugins/com.st.stm32cube.ide.mcu.externaltools.gnu-tools-for-stm32.10.3-2021.10.win32_1.0.0.202111181127/tools/bin/../lib/gcc/arm-none-eabi/10.3.1/thumb/v6-m/nofp/crtn.o
 *(.fini)
 .fini          0x0000000008003894        0x4 c:/st/stm32cubeide_1.7.0/stm32cubeide/plugins/com.st.stm32cube.ide.mcu.externaltools.gnu-tools-for-stm32.10.3-2021.10.win32_1.0.0.202111181127/tools/bin/../lib/gcc/arm-none-eabi/10.3.1/thumb/v6-m/nofp/crti.o
                0x0000000008003894                _fini
 .fini          0x0000000008003898        0x8 c:/st/stm32cubeide_1.7.0/stm32cubeide/plugins/com.st.stm32cube.ide.mcu.externaltools.gnu-tools-for-stm32.10.3-2021.10.win32_1.0.0.202111181127/tools/bin/../lib/gcc/arm-none-eabi/10.3.1/thumb/v6-m/nofp/crtn.o
                0x00000000080038a0                . = ALIGN (0x4)
                0x00000000080038a0                _etext = .

.vfp11_veneer   0x00000000080038a0        0x0
 .vfp11_veneer  0x00000000080038a0        0x0 linker stubs

.v4_bx          0x00000000080038a0        0x0
 .v4_bx         0x00000000080038a0        0x0 linker stubs

.iplt           0x00000000080038a0        0x0
 .iplt          0x00000000080038a0        0x0 c:/st/stm32cubeide_1.7.0/stm32cubeide/plugins/com.st.stm32cube.ide.mcu.externaltools.gnu-tools-for-stm32.10.3-2021.10.win32_1.0.0.202111181127/tools/bin/../lib/gcc/arm-none-eabi/10.3.1/thumb/v6-m/nofp/crtbegin.o

.rodata         0x00000000080038a0       0x88
                0x00000000080038a0                . = ALIGN (0x4)
 *(.rodata)
 *(.rodata*)
 .rodata.AHBPrescTable
                0x00000000080038a0       0x40 ./Core/Src/system_stm32g0xx.o
                0x00000000080038a0                AHBPrescTable
 .rodata.APBPrescTable
                0x00000000080038e0       0x20 ./Core/Src/system_stm32g0xx.o
                0x00000000080038e0                APBPrescTable
 .rodata.UARTPrescTable
                0x0000000008003900       0x18 ./Drivers/STM32G0xx_HAL_Driver/Src/stm32g0xx_hal_uart.o
                0x0000000008003900                UARTPrescTable
 .rodata.numerator.1
                0x0000000008003918        0x8 ./Drivers/STM32G0xx_HAL_Driver/Src/stm32g0xx_hal_uart_ex.o
 .rodata.denominator.0
                0x0000000008003920        0x8 ./Drivers/STM32G0xx_HAL_Driver/Src/stm32g0xx_hal_uart_ex.o
                0x0000000008003928                . = ALIGN (0x4)

.ARM.extab      0x0000000008003928        0x0
                0x0000000008003928                . = ALIGN (0x4)
 *(.ARM.extab* .gnu.linkonce.armextab.*)
                0x0000000008003928                . = ALIGN (0x4)

.ARM            0x0000000008003928        0x8
                0x0000000008003928                . = ALIGN (0x4)
                0x0000000008003928                __exidx_start = .
 *(.ARM.exidx*)
 .ARM.exidx     0x0000000008003928        0x8 c:/st/stm32cubeide_1.7.0/stm32cubeide/plugins/com.st.stm32cube.ide.mcu.externaltools.gnu-tools-for-stm32.10.3-2021.10.win32_1.0.0.202111181127/tools/bin/../lib/gcc/arm-none-eabi/10.3.1/thumb/v6-m/nofp\libgcc.a(_udivmoddi4.o)
                0x0000000008003930                __exidx_end = .
                0x0000000008003930                . = ALIGN (0x4)

.rel.dyn        0x0000000008003930        0x0
 .rel.iplt      0x0000000008003930        0x0 c:/st/stm32cubeide_1.7.0/stm32cubeide/plugins/com.st.stm32cube.ide.mcu.externaltools.gnu-tools-for-stm32.10.3-2021.10.win32_1.0.0.202111181127/tools/bin/../lib/gcc/arm-none-eabi/10.3.1/thumb/v6-m/nofp/crtbegin.o

.preinit_array  0x0000000008003930        0x0
                0x0000000008003930                . = ALIGN (0x4)
                0x0000000008003930                PROVIDE (__preinit_array_start = .)
 *(.preinit_array*)
                0x0000000008003930                PROVIDE (__preinit_array_end = .)
                0x0000000008003930                . = ALIGN (0x4)

.init_array     0x0000000008003930        0x4
                0x0000000008003930                . = ALIGN (0x4)
                0x0000000008003930                PROVIDE (__init_array_start = .)
 *(SORT_BY_NAME(.init_array.*))
 *(.init_array*)
 .init_array    0x0000000008003930        0x4 c:/st/stm32cubeide_1.7.0/stm32cubeide/plugins/com.st.stm32cube.ide.mcu.externaltools.gnu-tools-for-stm32.10.3-2021.10.win32_1.0.0.202111181127/tools/bin/../lib/gcc/arm-none-eabi/10.3.1/thumb/v6-m/nofp/crtbegin.o
                0x0000000008003934                PROVIDE (__init_array_end = .)
                0x0000000008003934                . = ALIGN (0x4)

.fini_array     0x0000000008003934        0x4
                0x0000000008003934                . = ALIGN (0x4)
                [!provide]                        PROVIDE (__fini_array_start = .)
 *(SORT_BY_NAME(.fini_array.*))
 *(.fini_array*)
 .fini_array    0x0000000008003934        0x4 c:/st/stm32cubeide_1.7.0/stm32cubeide/plugins/com.st.stm32cube.ide.mcu.externaltools.gnu-tools-for-stm32.10.3-2021.10.win32_1.0.0.202111181127/tools/bin/../lib/gcc/arm-none-eabi/10.3.1/thumb/v6-m/nofp/crtbegin.o
                [!provide]                        PROVIDE (__fini_array_end = .)
                0x0000000008003938                . = ALIGN (0x4)
                0x0000000008003938                _sidata = LOADADDR (.data)

.data           0x0000000020000000       0x24 load address 0x0000000008003938
                0x0000000020000000                . = ALIGN (0x4)
                0x0000000020000000                _sdata = .
 *(.data)
 *(.data*)
 .data.m        0x0000000020000000       0x18 ./Core/Src/main.o
                0x0000000020000000                m
 .data.SystemCoreClock
                0x0000000020000018        0x4 ./Core/Src/system_stm32g0xx.o
                0x0000000020000018                SystemCoreClock
 .data.uwTickPrio
                0x000000002000001c        0x4 ./Drivers/STM32G0xx_HAL_Driver/Src/stm32g0xx_hal.o
                0x000000002000001c                uwTickPrio
 .data.uwTickFreq
                0x0000000020000020        0x1 ./Drivers/STM32G0xx_HAL_Driver/Src/stm32g0xx_hal.o
                0x0000000020000020                uwTickFreq
 *(.RamFunc)
 *(.RamFunc*)
                0x0000000020000024                . = ALIGN (0x4)
 *fill*         0x0000000020000021        0x3 
                0x0000000020000024                _edata = .

.igot.plt       0x0000000020000024        0x0 load address 0x000000000800395c
 .igot.plt      0x0000000020000024        0x0 c:/st/stm32cubeide_1.7.0/stm32cubeide/plugins/com.st.stm32cube.ide.mcu.externaltools.gnu-tools-for-stm32.10.3-2021.10.win32_1.0.0.202111181127/tools/bin/../lib/gcc/arm-none-eabi/10.3.1/thumb/v6-m/nofp/crtbegin.o
                0x0000000020000024                . = ALIGN (0x4)

.bss            0x0000000020000024      0x12c load address 0x000000000800395c
                0x0000000020000024                _sbss = .
                0x0000000020000024                __bss_start__ = _sbss
 *(.bss)
 .bss           0x0000000020000024       0x1c c:/st/stm32cubeide_1.7.0/stm32cubeide/plugins/com.st.stm32cube.ide.mcu.externaltools.gnu-tools-for-stm32.10.3-2021.10.win32_1.0.0.202111181127/tools/bin/../lib/gcc/arm-none-eabi/10.3.1/thumb/v6-m/nofp/crtbegin.o
 *(.bss*)
 .bss.hrtc      0x0000000020000040       0x2c ./Core/Src/main.o
                0x0000000020000040                hrtc
 .bss.htim6     0x000000002000006c       0x4c ./Core/Src/main.o
                0x000000002000006c                htim6
 .bss.huart2    0x00000000200000b8       0x94 ./Core/Src/main.o
                0x00000000200000b8                huart2
 .bss.uwTick    0x000000002000014c        0x4 ./Drivers/STM32G0xx_HAL_Driver/Src/stm32g0xx_hal.o
                0x000000002000014c                uwTick
 *(COMMON)
                0x0000000020000150                . = ALIGN (0x4)
                0x0000000020000150                _ebss = .
                0x0000000020000150                __bss_end__ = _ebss

._user_heap_stack
                0x0000000020000150      0x600 load address 0x000000000800395c
                0x0000000020000150                . = ALIGN (0x8)
                [!provide]                        PROVIDE (end = .)
                0x0000000020000150                PROVIDE (_end = .)
                0x0000000020000350                . = (. + _Min_Heap_Size)
 *fill*         0x0000000020000150      0x200 
                0x0000000020000750                . = (. + _Min_Stack_Size)
 *fill*         0x0000000020000350      0x400 
                0x0000000020000750                . = ALIGN (0x8)

/DISCARD/
 libc.a(*)
 libm.a(*)
 libgcc.a(*)

.ARM.attributes
                0x0000000000000000       0x28
 *(.ARM.attributes)
 .ARM.attributes
                0x0000000000000000       0x1e c:/st/stm32cubeide_1.7.0/stm32cubeide/plugins/com.st.stm32cube.ide.mcu.externaltools.gnu-tools-for-stm32.10.3-2021.10.win32_1.0.0.202111181127/tools/bin/../lib/gcc/arm-none-eabi/10.3.1/thumb/v6-m/nofp/crti.o
 .ARM.attributes
                0x000000000000001e       0x2c c:/st/stm32cubeide_1.7.0/stm32cubeide/plugins/com.st.stm32cube.ide.mcu.externaltools.gnu-tools-for-stm32.10.3-2021.10.win32_1.0.0.202111181127/tools/bin/../lib/gcc/arm-none-eabi/10.3.1/thumb/v6-m/nofp/crtbegin.o
 .ARM.attributes
                0x000000000000004a       0x2c ./Core/Src/main.o
 .ARM.attributes
                0x0000000000000076       0x2c ./Core/Src/stm32g0xx_hal_msp.o
 .ARM.attributes
                0x00000000000000a2       0x2c ./Core/Src/stm32g0xx_it.o
 .ARM.attributes
                0x00000000000000ce       0x2c ./Core/Src/system_stm32g0xx.o
 .ARM.attributes
                0x00000000000000fa       0x22 ./Core/Startup/startup_stm32g071rbtx.o
 .ARM.attributes
                0x000000000000011c       0x2c ./Drivers/STM32G0xx_HAL_Driver/Src/stm32g0xx_hal.o
 .ARM.attributes
                0x0000000000000148       0x2c ./Drivers/STM32G0xx_HAL_Driver/Src/stm32g0xx_hal_cortex.o
 .ARM.attributes
                0x0000000000000174       0x2c ./Drivers/STM32G0xx_HAL_Driver/Src/stm32g0xx_hal_gpio.o
 .ARM.attributes
                0x00000000000001a0       0x2c ./Drivers/STM32G0xx_HAL_Driver/Src/stm32g0xx_hal_pwr.o
 .ARM.attributes
                0x00000000000001cc       0x2c ./Drivers/STM32G0xx_HAL_Driver/Src/stm32g0xx_hal_pwr_ex.o
 .ARM.attributes
                0x00000000000001f8       0x2c ./Drivers/STM32G0xx_HAL_Driver/Src/stm32g0xx_hal_rcc.o
 .ARM.attributes
                0x0000000000000224       0x2c ./Drivers/STM32G0xx_HAL_Driver/Src/stm32g0xx_hal_rcc_ex.o
 .ARM.attributes
                0x0000000000000250       0x2c ./Drivers/STM32G0xx_HAL_Driver/Src/stm32g0xx_hal_rtc.o
 .ARM.attributes
                0x000000000000027c       0x2c ./Drivers/STM32G0xx_HAL_Driver/Src/stm32g0xx_hal_rtc_ex.o
 .ARM.attributes
                0x00000000000002a8       0x2c ./Drivers/STM32G0xx_HAL_Driver/Src/stm32g0xx_hal_tim.o
 .ARM.attributes
                0x00000000000002d4       0x2c ./Drivers/STM32G0xx_HAL_Driver/Src/stm32g0xx_hal_tim_ex.o
 .ARM.attributes
                0x0000000000000300       0x2c ./Drivers/STM32G0xx_HAL_Driver/Src/stm32g0xx_hal_uart.o
 .ARM.attributes
                0x000000000000032c       0x2c ./Drivers/STM32G0xx_HAL_Driver/Src/stm32g0xx_hal_uart_ex.o
 .ARM.attributes
                0x0000000000000358       0x2c c:/st/stm32cubeide_1.7.0/stm32cubeide/plugins/com.st.stm32cube.ide.mcu.externaltools.gnu-tools-for-stm32.10.3-2021.10.win32_1.0.0.202111181127/tools/bin/../lib/gcc/arm-none-eabi/10.3.1/../../../../arm-none-eabi/lib/thumb/v6-m/nofp\libc_nano.a(lib_a-init.o)
 .ARM.attributes
                0x0000000000000384       0x2c c:/st/stm32cubeide_1.7.0/stm32cubeide/plugins/com.st.stm32cube.ide.mcu.externaltools.gnu-tools-for-stm32.10.3-2021.10.win32_1.0.0.202111181127/tools/bin/../lib/gcc/arm-none-eabi/10.3.1/../../../../arm-none-eabi/lib/thumb/v6-m/nofp\libc_nano.a(lib_a-memset.o)
 .ARM.attributes
                0x00000000000003b0       0x1c c:/st/stm32cubeide_1.7.0/stm32cubeide/plugins/com.st.stm32cube.ide.mcu.externaltools.gnu-tools-for-stm32.10.3-2021.10.win32_1.0.0.202111181127/tools/bin/../lib/gcc/arm-none-eabi/10.3.1/../../../../arm-none-eabi/lib/thumb/v6-m/nofp\libc_nano.a(lib_a-strlen.o)
 .ARM.attributes
                0x00000000000003cc       0x1e c:/st/stm32cubeide_1.7.0/stm32cubeide/plugins/com.st.stm32cube.ide.mcu.externaltools.gnu-tools-for-stm32.10.3-2021.10.win32_1.0.0.202111181127/tools/bin/../lib/gcc/arm-none-eabi/10.3.1/thumb/v6-m/nofp\libgcc.a(_udivsi3.o)
 .ARM.attributes
                0x00000000000003ea       0x1e c:/st/stm32cubeide_1.7.0/stm32cubeide/plugins/com.st.stm32cube.ide.mcu.externaltools.gnu-tools-for-stm32.10.3-2021.10.win32_1.0.0.202111181127/tools/bin/../lib/gcc/arm-none-eabi/10.3.1/thumb/v6-m/nofp\libgcc.a(_divsi3.o)
 .ARM.attributes
                0x0000000000000408       0x1e c:/st/stm32cubeide_1.7.0/stm32cubeide/plugins/com.st.stm32cube.ide.mcu.externaltools.gnu-tools-for-stm32.10.3-2021.10.win32_1.0.0.202111181127/tools/bin/../lib/gcc/arm-none-eabi/10.3.1/thumb/v6-m/nofp\libgcc.a(_dvmd_tls.o)
 .ARM.attributes
                0x0000000000000426       0x1e c:/st/stm32cubeide_1.7.0/stm32cubeide/plugins/com.st.stm32cube.ide.mcu.externaltools.gnu-tools-for-stm32.10.3-2021.10.win32_1.0.0.202111181127/tools/bin/../lib/gcc/arm-none-eabi/10.3.1/thumb/v6-m/nofp\libgcc.a(_aeabi_uldivmod.o)
 .ARM.attributes
                0x0000000000000444       0x2c c:/st/stm32cubeide_1.7.0/stm32cubeide/plugins/com.st.stm32cube.ide.mcu.externaltools.gnu-tools-for-stm32.10.3-2021.10.win32_1.0.0.202111181127/tools/bin/../lib/gcc/arm-none-eabi/10.3.1/thumb/v6-m/nofp\libgcc.a(_udivmoddi4.o)
 .ARM.attributes
                0x0000000000000470       0x1e c:/st/stm32cubeide_1.7.0/stm32cubeide/plugins/com.st.stm32cube.ide.mcu.externaltools.gnu-tools-for-stm32.10.3-2021.10.win32_1.0.0.202111181127/tools/bin/../lib/gcc/arm-none-eabi/10.3.1/thumb/v6-m/nofp\libgcc.a(_clzdi2.o)
 .ARM.attributes
                0x000000000000048e       0x1e c:/st/stm32cubeide_1.7.0/stm32cubeide/plugins/com.st.stm32cube.ide.mcu.externaltools.gnu-tools-for-stm32.10.3-2021.10.win32_1.0.0.202111181127/tools/bin/../lib/gcc/arm-none-eabi/10.3.1/thumb/v6-m/nofp\libgcc.a(_clzsi2.o)
 .ARM.attributes
                0x00000000000004ac       0x1e c:/st/stm32cubeide_1.7.0/stm32cubeide/plugins/com.st.stm32cube.ide.mcu.externaltools.gnu-tools-for-stm32.10.3-2021.10.win32_1.0.0.202111181127/tools/bin/../lib/gcc/arm-none-eabi/10.3.1/thumb/v6-m/nofp/crtn.o
OUTPUT(Test_STOP1_001_G071RB.elf elf32-littlearm)
LOAD linker stubs
LOAD c:/st/stm32cubeide_1.7.0/stm32cubeide/plugins/com.st.stm32cube.ide.mcu.externaltools.gnu-tools-for-stm32.10.3-2021.10.win32_1.0.0.202111181127/tools/bin/../lib/gcc/arm-none-eabi/10.3.1/../../../../arm-none-eabi/lib/thumb/v6-m/nofp\libc.a
LOAD c:/st/stm32cubeide_1.7.0/stm32cubeide/plugins/com.st.stm32cube.ide.mcu.externaltools.gnu-tools-for-stm32.10.3-2021.10.win32_1.0.0.202111181127/tools/bin/../lib/gcc/arm-none-eabi/10.3.1/../../../../arm-none-eabi/lib/thumb/v6-m/nofp\libm.a
LOAD c:/st/stm32cubeide_1.7.0/stm32cubeide/plugins/com.st.stm32cube.ide.mcu.externaltools.gnu-tools-for-stm32.10.3-2021.10.win32_1.0.0.202111181127/tools/bin/../lib/gcc/arm-none-eabi/10.3.1/thumb/v6-m/nofp\libgcc.a

.debug_info     0x0000000000000000    0x1396c
 .debug_info    0x0000000000000000     0x1747 ./Core/Src/main.o
 .debug_info    0x0000000000001747     0x14b8 ./Core/Src/stm32g0xx_hal_msp.o
 .debug_info    0x0000000000002bff      0xb39 ./Core/Src/stm32g0xx_it.o
 .debug_info    0x0000000000003738      0x34d ./Core/Src/system_stm32g0xx.o
 .debug_info    0x0000000000003a85       0x22 ./Core/Startup/startup_stm32g071rbtx.o
 .debug_info    0x0000000000003aa7      0xa85 ./Drivers/STM32G0xx_HAL_Driver/Src/stm32g0xx_hal.o
 .debug_info    0x000000000000452c      0x90d ./Drivers/STM32G0xx_HAL_Driver/Src/stm32g0xx_hal_cortex.o
 .debug_info    0x0000000000004e39      0x61f ./Drivers/STM32G0xx_HAL_Driver/Src/stm32g0xx_hal_gpio.o
 .debug_info    0x0000000000005458      0x5cb ./Drivers/STM32G0xx_HAL_Driver/Src/stm32g0xx_hal_pwr.o
 .debug_info    0x0000000000005a23      0x801 ./Drivers/STM32G0xx_HAL_Driver/Src/stm32g0xx_hal_pwr_ex.o
 .debug_info    0x0000000000006224      0xb6a ./Drivers/STM32G0xx_HAL_Driver/Src/stm32g0xx_hal_rcc.o
 .debug_info    0x0000000000006d8e      0x82b ./Drivers/STM32G0xx_HAL_Driver/Src/stm32g0xx_hal_rcc_ex.o
 .debug_info    0x00000000000075b9      0xd88 ./Drivers/STM32G0xx_HAL_Driver/Src/stm32g0xx_hal_rtc.o
 .debug_info    0x0000000000008341     0x13b2 ./Drivers/STM32G0xx_HAL_Driver/Src/stm32g0xx_hal_rtc_ex.o
 .debug_info    0x00000000000096f3     0x2e23 ./Drivers/STM32G0xx_HAL_Driver/Src/stm32g0xx_hal_tim.o
 .debug_info    0x000000000000c516     0x1a27 ./Drivers/STM32G0xx_HAL_Driver/Src/stm32g0xx_hal_tim_ex.o
 .debug_info    0x000000000000df3d     0x49ef ./Drivers/STM32G0xx_HAL_Driver/Src/stm32g0xx_hal_uart.o
 .debug_info    0x000000000001292c     0x1040 ./Drivers/STM32G0xx_HAL_Driver/Src/stm32g0xx_hal_uart_ex.o

.debug_abbrev   0x0000000000000000     0x266d
 .debug_abbrev  0x0000000000000000      0x319 ./Core/Src/main.o
 .debug_abbrev  0x0000000000000319      0x1f6 ./Core/Src/stm32g0xx_hal_msp.o
 .debug_abbrev  0x000000000000050f      0x1ad ./Core/Src/stm32g0xx_it.o
 .debug_abbrev  0x00000000000006bc      0x116 ./Core/Src/system_stm32g0xx.o
 .debug_abbrev  0x00000000000007d2       0x12 ./Core/Startup/startup_stm32g071rbtx.o
 .debug_abbrev  0x00000000000007e4      0x2a9 ./Drivers/STM32G0xx_HAL_Driver/Src/stm32g0xx_hal.o
 .debug_abbrev  0x0000000000000a8d      0x29f ./Drivers/STM32G0xx_HAL_Driver/Src/stm32g0xx_hal_cortex.o
 .debug_abbrev  0x0000000000000d2c      0x1b9 ./Drivers/STM32G0xx_HAL_Driver/Src/stm32g0xx_hal_gpio.o
 .debug_abbrev  0x0000000000000ee5      0x16e ./Drivers/STM32G0xx_HAL_Driver/Src/stm32g0xx_hal_pwr.o
 .debug_abbrev  0x0000000000001053      0x232 ./Drivers/STM32G0xx_HAL_Driver/Src/stm32g0xx_hal_pwr_ex.o
 .debug_abbrev  0x0000000000001285      0x2a3 ./Drivers/STM32G0xx_HAL_Driver/Src/stm32g0xx_hal_rcc.o
 .debug_abbrev  0x0000000000001528      0x21a ./Drivers/STM32G0xx_HAL_Driver/Src/stm32g0xx_hal_rcc_ex.o
 .debug_abbrev  0x0000000000001742      0x1f7 ./Drivers/STM32G0xx_HAL_Driver/Src/stm32g0xx_hal_rtc.o
 .debug_abbrev  0x0000000000001939      0x237 ./Drivers/STM32G0xx_HAL_Driver/Src/stm32g0xx_hal_rtc_ex.o
 .debug_abbrev  0x0000000000001b70      0x286 ./Drivers/STM32G0xx_HAL_Driver/Src/stm32g0xx_hal_tim.o
 .debug_abbrev  0x0000000000001df6      0x292 ./Drivers/STM32G0xx_HAL_Driver/Src/stm32g0xx_hal_tim_ex.o
 .debug_abbrev  0x0000000000002088      0x310 ./Drivers/STM32G0xx_HAL_Driver/Src/stm32g0xx_hal_uart.o
 .debug_abbrev  0x0000000000002398      0x2d5 ./Drivers/STM32G0xx_HAL_Driver/Src/stm32g0xx_hal_uart_ex.o

.debug_aranges  0x0000000000000000     0x10b0
 .debug_aranges
                0x0000000000000000       0x58 ./Core/Src/main.o
 .debug_aranges
                0x0000000000000058       0x50 ./Core/Src/stm32g0xx_hal_msp.o
 .debug_aranges
                0x00000000000000a8       0x58 ./Core/Src/stm32g0xx_it.o
 .debug_aranges
                0x0000000000000100       0x28 ./Core/Src/system_stm32g0xx.o
 .debug_aranges
                0x0000000000000128       0x28 ./Core/Startup/startup_stm32g071rbtx.o
 .debug_aranges
                0x0000000000000150      0x120 ./Drivers/STM32G0xx_HAL_Driver/Src/stm32g0xx_hal.o
 .debug_aranges
                0x0000000000000270       0xd8 ./Drivers/STM32G0xx_HAL_Driver/Src/stm32g0xx_hal_cortex.o
 .debug_aranges
                0x0000000000000348       0x60 ./Drivers/STM32G0xx_HAL_Driver/Src/stm32g0xx_hal_gpio.o
 .debug_aranges
                0x00000000000003a8       0x78 ./Drivers/STM32G0xx_HAL_Driver/Src/stm32g0xx_hal_pwr.o
 .debug_aranges
                0x0000000000000420       0xf0 ./Drivers/STM32G0xx_HAL_Driver/Src/stm32g0xx_hal_pwr_ex.o
 .debug_aranges
                0x0000000000000510       0xa0 ./Drivers/STM32G0xx_HAL_Driver/Src/stm32g0xx_hal_rcc.o
 .debug_aranges
                0x00000000000005b0       0x40 ./Drivers/STM32G0xx_HAL_Driver/Src/stm32g0xx_hal_rcc_ex.o
 .debug_aranges
                0x00000000000005f0       0xe8 ./Drivers/STM32G0xx_HAL_Driver/Src/stm32g0xx_hal_rtc.o
 .debug_aranges
                0x00000000000006d8      0x170 ./Drivers/STM32G0xx_HAL_Driver/Src/stm32g0xx_hal_rtc_ex.o
 .debug_aranges
                0x0000000000000848      0x3e0 ./Drivers/STM32G0xx_HAL_Driver/Src/stm32g0xx_hal_tim.o
 .debug_aranges
                0x0000000000000c28      0x198 ./Drivers/STM32G0xx_HAL_Driver/Src/stm32g0xx_hal_tim_ex.o
 .debug_aranges
                0x0000000000000dc0      0x248 ./Drivers/STM32G0xx_HAL_Driver/Src/stm32g0xx_hal_uart.o
 .debug_aranges
                0x0000000000001008       0xa8 ./Drivers/STM32G0xx_HAL_Driver/Src/stm32g0xx_hal_uart_ex.o

.debug_ranges   0x0000000000000000      0xfc8
 .debug_ranges  0x0000000000000000       0x48 ./Core/Src/main.o
 .debug_ranges  0x0000000000000048       0x40 ./Core/Src/stm32g0xx_hal_msp.o
 .debug_ranges  0x0000000000000088       0x48 ./Core/Src/stm32g0xx_it.o
 .debug_ranges  0x00000000000000d0       0x18 ./Core/Src/system_stm32g0xx.o
 .debug_ranges  0x00000000000000e8       0x20 ./Core/Startup/startup_stm32g071rbtx.o
 .debug_ranges  0x0000000000000108      0x110 ./Drivers/STM32G0xx_HAL_Driver/Src/stm32g0xx_hal.o
 .debug_ranges  0x0000000000000218       0xc8 ./Drivers/STM32G0xx_HAL_Driver/Src/stm32g0xx_hal_cortex.o
 .debug_ranges  0x00000000000002e0       0x50 ./Drivers/STM32G0xx_HAL_Driver/Src/stm32g0xx_hal_gpio.o
 .debug_ranges  0x0000000000000330       0x68 ./Drivers/STM32G0xx_HAL_Driver/Src/stm32g0xx_hal_pwr.o
 .debug_ranges  0x0000000000000398       0xe0 ./Drivers/STM32G0xx_HAL_Driver/Src/stm32g0xx_hal_pwr_ex.o
 .debug_ranges  0x0000000000000478       0x90 ./Drivers/STM32G0xx_HAL_Driver/Src/stm32g0xx_hal_rcc.o
 .debug_ranges  0x0000000000000508       0x30 ./Drivers/STM32G0xx_HAL_Driver/Src/stm32g0xx_hal_rcc_ex.o
 .debug_ranges  0x0000000000000538       0xd8 ./Drivers/STM32G0xx_HAL_Driver/Src/stm32g0xx_hal_rtc.o
 .debug_ranges  0x0000000000000610      0x160 ./Drivers/STM32G0xx_HAL_Driver/Src/stm32g0xx_hal_rtc_ex.o
 .debug_ranges  0x0000000000000770      0x3d0 ./Drivers/STM32G0xx_HAL_Driver/Src/stm32g0xx_hal_tim.o
 .debug_ranges  0x0000000000000b40      0x188 ./Drivers/STM32G0xx_HAL_Driver/Src/stm32g0xx_hal_tim_ex.o
 .debug_ranges  0x0000000000000cc8      0x268 ./Drivers/STM32G0xx_HAL_Driver/Src/stm32g0xx_hal_uart.o
 .debug_ranges  0x0000000000000f30       0x98 ./Drivers/STM32G0xx_HAL_Driver/Src/stm32g0xx_hal_uart_ex.o

.debug_macro    0x0000000000000000    0x19a0b
 .debug_macro   0x0000000000000000      0x39c ./Core/Src/main.o
 .debug_macro   0x000000000000039c      0xa4e ./Core/Src/main.o
 .debug_macro   0x0000000000000dea      0x123 ./Core/Src/main.o
 .debug_macro   0x0000000000000f0d       0x2e ./Core/Src/main.o
 .debug_macro   0x0000000000000f3b       0x28 ./Core/Src/main.o
 .debug_macro   0x0000000000000f63       0x22 ./Core/Src/main.o
 .debug_macro   0x0000000000000f85       0x8e ./Core/Src/main.o
 .debug_macro   0x0000000000001013       0x51 ./Core/Src/main.o
 .debug_macro   0x0000000000001064      0x103 ./Core/Src/main.o
 .debug_macro   0x0000000000001167       0x6a ./Core/Src/main.o
 .debug_macro   0x00000000000011d1      0x1df ./Core/Src/main.o
 .debug_macro   0x00000000000013b0       0x1c ./Core/Src/main.o
 .debug_macro   0x00000000000013cc       0x22 ./Core/Src/main.o
 .debug_macro   0x00000000000013ee       0xd1 ./Core/Src/main.o
 .debug_macro   0x00000000000014bf      0x4da ./Core/Src/main.o
 .debug_macro   0x0000000000001999      0x11f ./Core/Src/main.o
 .debug_macro   0x0000000000001ab8     0xc730 ./Core/Src/main.o
 .debug_macro   0x000000000000e1e8       0x66 ./Core/Src/main.o
 .debug_macro   0x000000000000e24e     0x34fd ./Core/Src/main.o
 .debug_macro   0x000000000001174b      0x174 ./Core/Src/main.o
 .debug_macro   0x00000000000118bf       0x5c ./Core/Src/main.o
 .debug_macro   0x000000000001191b      0x56c ./Core/Src/main.o
 .debug_macro   0x0000000000011e87     0x10d5 ./Core/Src/main.o
 .debug_macro   0x0000000000012f5c      0x264 ./Core/Src/main.o
 .debug_macro   0x00000000000131c0      0x1cf ./Core/Src/main.o
 .debug_macro   0x000000000001338f      0x1d8 ./Core/Src/main.o
 .debug_macro   0x0000000000013567      0x426 ./Core/Src/main.o
 .debug_macro   0x000000000001398d      0x280 ./Core/Src/main.o
 .debug_macro   0x0000000000013c0d      0x3a7 ./Core/Src/main.o
 .debug_macro   0x0000000000013fb4      0x1b2 ./Core/Src/main.o
 .debug_macro   0x0000000000014166       0x43 ./Core/Src/main.o
 .debug_macro   0x00000000000141a9      0x1f1 ./Core/Src/main.o
 .debug_macro   0x000000000001439a      0x1d6 ./Core/Src/main.o
 .debug_macro   0x0000000000014570      0x38a ./Core/Src/main.o
 .debug_macro   0x00000000000148fa       0x28 ./Core/Src/main.o
 .debug_macro   0x0000000000014922       0xe4 ./Core/Src/main.o
 .debug_macro   0x0000000000014a06      0x125 ./Core/Src/main.o
 .debug_macro   0x0000000000014b2b      0x240 ./Core/Src/main.o
 .debug_macro   0x0000000000014d6b      0x328 ./Core/Src/main.o
 .debug_macro   0x0000000000015093      0x432 ./Core/Src/main.o
 .debug_macro   0x00000000000154c5       0xeb ./Core/Src/main.o
 .debug_macro   0x00000000000155b0      0xac9 ./Core/Src/main.o
 .debug_macro   0x0000000000016079      0x1a1 ./Core/Src/main.o
 .debug_macro   0x000000000001621a      0x693 ./Core/Src/main.o
 .debug_macro   0x00000000000168ad       0xa6 ./Core/Src/main.o
 .debug_macro   0x0000000000016953      0x4f2 ./Core/Src/main.o
 .debug_macro   0x0000000000016e45       0x4c ./Core/Src/main.o
 .debug_macro   0x0000000000016e91       0x52 ./Core/Src/main.o
 .debug_macro   0x0000000000016ee3       0x18 ./Core/Src/main.o
 .debug_macro   0x0000000000016efb       0x3c ./Core/Src/main.o
 .debug_macro   0x0000000000016f37       0x34 ./Core/Src/main.o
 .debug_macro   0x0000000000016f6b       0x16 ./Core/Src/main.o
 .debug_macro   0x0000000000016f81       0x35 ./Core/Src/main.o
 .debug_macro   0x0000000000016fb6      0x341 ./Core/Src/main.o
 .debug_macro   0x00000000000172f7       0x10 ./Core/Src/main.o
 .debug_macro   0x0000000000017307       0x16 ./Core/Src/main.o
 .debug_macro   0x000000000001731d       0x43 ./Core/Src/main.o
 .debug_macro   0x0000000000017360       0x34 ./Core/Src/main.o
 .debug_macro   0x0000000000017394       0x10 ./Core/Src/main.o
 .debug_macro   0x00000000000173a4       0x58 ./Core/Src/main.o
 .debug_macro   0x00000000000173fc       0x71 ./Core/Src/main.o
 .debug_macro   0x000000000001746d       0x1c ./Core/Src/main.o
 .debug_macro   0x0000000000017489      0x12a ./Core/Src/main.o
 .debug_macro   0x00000000000175b3       0x10 ./Core/Src/main.o
 .debug_macro   0x00000000000175c3       0x1c ./Core/Src/main.o
 .debug_macro   0x00000000000175df       0x52 ./Core/Src/main.o
 .debug_macro   0x0000000000017631       0x22 ./Core/Src/main.o
 .debug_macro   0x0000000000017653       0x10 ./Core/Src/main.o
 .debug_macro   0x0000000000017663       0x52 ./Core/Src/main.o
 .debug_macro   0x00000000000176b5       0xd5 ./Core/Src/main.o
 .debug_macro   0x000000000001778a       0x1c ./Core/Src/main.o
 .debug_macro   0x00000000000177a6       0x3d ./Core/Src/main.o
 .debug_macro   0x00000000000177e3       0x16 ./Core/Src/main.o
 .debug_macro   0x00000000000177f9      0x145 ./Core/Src/main.o
 .debug_macro   0x000000000001793e       0x16 ./Core/Src/main.o
 .debug_macro   0x0000000000017954       0x20 ./Core/Src/main.o
 .debug_macro   0x0000000000017974      0x207 ./Core/Src/stm32g0xx_hal_msp.o
 .debug_macro   0x0000000000017b7b      0x211 ./Core/Src/stm32g0xx_it.o
 .debug_macro   0x0000000000017d8c      0x1f8 ./Core/Src/system_stm32g0xx.o
 .debug_macro   0x0000000000017f84      0x21c ./Drivers/STM32G0xx_HAL_Driver/Src/stm32g0xx_hal.o
 .debug_macro   0x00000000000181a0      0x1f8 ./Drivers/STM32G0xx_HAL_Driver/Src/stm32g0xx_hal_cortex.o
 .debug_macro   0x0000000000018398      0x1ff ./Drivers/STM32G0xx_HAL_Driver/Src/stm32g0xx_hal_gpio.o
 .debug_macro   0x0000000000018597      0x1f8 ./Drivers/STM32G0xx_HAL_Driver/Src/stm32g0xx_hal_pwr.o
 .debug_macro   0x000000000001878f      0x222 ./Drivers/STM32G0xx_HAL_Driver/Src/stm32g0xx_hal_pwr_ex.o
 .debug_macro   0x00000000000189b1      0x234 ./Drivers/STM32G0xx_HAL_Driver/Src/stm32g0xx_hal_rcc.o
 .debug_macro   0x0000000000018be5      0x210 ./Drivers/STM32G0xx_HAL_Driver/Src/stm32g0xx_hal_rcc_ex.o
 .debug_macro   0x0000000000018df5      0x1f9 ./Drivers/STM32G0xx_HAL_Driver/Src/stm32g0xx_hal_rtc.o
 .debug_macro   0x0000000000018fee      0x1f8 ./Drivers/STM32G0xx_HAL_Driver/Src/stm32g0xx_hal_rtc_ex.o
 .debug_macro   0x00000000000191e6      0x200 ./Drivers/STM32G0xx_HAL_Driver/Src/stm32g0xx_hal_tim.o
 .debug_macro   0x00000000000193e6      0x1fe ./Drivers/STM32G0xx_HAL_Driver/Src/stm32g0xx_hal_tim_ex.o
 .debug_macro   0x00000000000195e4      0x223 ./Drivers/STM32G0xx_HAL_Driver/Src/stm32g0xx_hal_uart.o
 .debug_macro   0x0000000000019807      0x204 ./Drivers/STM32G0xx_HAL_Driver/Src/stm32g0xx_hal_uart_ex.o

.debug_line     0x0000000000000000    0x134f4
 .debug_line    0x0000000000000000      0xade ./Core/Src/main.o
 .debug_line    0x0000000000000ade      0x816 ./Core/Src/stm32g0xx_hal_msp.o
 .debug_line    0x00000000000012f4      0x7d8 ./Core/Src/stm32g0xx_it.o
 .debug_line    0x0000000000001acc      0x79e ./Core/Src/system_stm32g0xx.o
 .debug_line    0x000000000000226a       0x89 ./Core/Startup/startup_stm32g071rbtx.o
 .debug_line    0x00000000000022f3      0xad4 ./Drivers/STM32G0xx_HAL_Driver/Src/stm32g0xx_hal.o
 .debug_line    0x0000000000002dc7      0xb55 ./Drivers/STM32G0xx_HAL_Driver/Src/stm32g0xx_hal_cortex.o
 .debug_line    0x000000000000391c      0xb41 ./Drivers/STM32G0xx_HAL_Driver/Src/stm32g0xx_hal_gpio.o
 .debug_line    0x000000000000445d      0x886 ./Drivers/STM32G0xx_HAL_Driver/Src/stm32g0xx_hal_pwr.o
 .debug_line    0x0000000000004ce3      0xab9 ./Drivers/STM32G0xx_HAL_Driver/Src/stm32g0xx_hal_pwr_ex.o
 .debug_line    0x000000000000579c      0xeff ./Drivers/STM32G0xx_HAL_Driver/Src/stm32g0xx_hal_rcc.o
 .debug_line    0x000000000000669b      0xd10 ./Drivers/STM32G0xx_HAL_Driver/Src/stm32g0xx_hal_rcc_ex.o
 .debug_line    0x00000000000073ab     0x1148 ./Drivers/STM32G0xx_HAL_Driver/Src/stm32g0xx_hal_rtc.o
 .debug_line    0x00000000000084f3     0x1520 ./Drivers/STM32G0xx_HAL_Driver/Src/stm32g0xx_hal_rtc_ex.o
 .debug_line    0x0000000000009a13     0x3c2b ./Drivers/STM32G0xx_HAL_Driver/Src/stm32g0xx_hal_tim.o
 .debug_line    0x000000000000d63e     0x1c72 ./Drivers/STM32G0xx_HAL_Driver/Src/stm32g0xx_hal_tim_ex.o
 .debug_line    0x000000000000f2b0     0x3471 ./Drivers/STM32G0xx_HAL_Driver/Src/stm32g0xx_hal_uart.o
 .debug_line    0x0000000000012721      0xdd3 ./Drivers/STM32G0xx_HAL_Driver/Src/stm32g0xx_hal_uart_ex.o

.debug_str      0x0000000000000000    0xa7383
 .debug_str     0x0000000000000000    0xa32a6 ./Core/Src/main.o
                                      0xa38e3 (size before relaxing)
 .debug_str     0x00000000000a32a6      0x215 ./Core/Src/stm32g0xx_hal_msp.o
                                      0x9f963 (size before relaxing)
 .debug_str     0x00000000000a34bb      0x111 ./Core/Src/stm32g0xx_it.o
                                      0x9f276 (size before relaxing)
 .debug_str     0x00000000000a35cc       0x8e ./Core/Src/system_stm32g0xx.o
                                      0x9ea04 (size before relaxing)
 .debug_str     0x00000000000a365a       0x36 ./Core/Startup/startup_stm32g071rbtx.o
                                         0x6a (size before relaxing)
 .debug_str     0x00000000000a3690      0x567 ./Drivers/STM32G0xx_HAL_Driver/Src/stm32g0xx_hal.o
                                      0x9f201 (size before relaxing)
 .debug_str     0x00000000000a3bf7      0x253 ./Drivers/STM32G0xx_HAL_Driver/Src/stm32g0xx_hal_cortex.o
                                      0x9ee93 (size before relaxing)
 .debug_str     0x00000000000a3e4a      0x138 ./Drivers/STM32G0xx_HAL_Driver/Src/stm32g0xx_hal_gpio.o
                                      0x9eb4d (size before relaxing)
 .debug_str     0x00000000000a3f82      0x1ed ./Drivers/STM32G0xx_HAL_Driver/Src/stm32g0xx_hal_pwr.o
                                      0x9ebf9 (size before relaxing)
 .debug_str     0x00000000000a416f      0x302 ./Drivers/STM32G0xx_HAL_Driver/Src/stm32g0xx_hal_pwr_ex.o
                                      0x9ee91 (size before relaxing)
 .debug_str     0x00000000000a4471      0x357 ./Drivers/STM32G0xx_HAL_Driver/Src/stm32g0xx_hal_rcc.o
                                      0x9f027 (size before relaxing)
 .debug_str     0x00000000000a47c8      0x152 ./Drivers/STM32G0xx_HAL_Driver/Src/stm32g0xx_hal_rcc_ex.o
                                      0x9edce (size before relaxing)
 .debug_str     0x00000000000a491a      0x338 ./Drivers/STM32G0xx_HAL_Driver/Src/stm32g0xx_hal_rtc.o
                                      0x9eef6 (size before relaxing)
 .debug_str     0x00000000000a4c52      0x686 ./Drivers/STM32G0xx_HAL_Driver/Src/stm32g0xx_hal_rtc_ex.o
                                      0x9f343 (size before relaxing)
 .debug_str     0x00000000000a52d8      0xe82 ./Drivers/STM32G0xx_HAL_Driver/Src/stm32g0xx_hal_tim.o
                                      0x9ff36 (size before relaxing)
 .debug_str     0x00000000000a615a      0x5f9 ./Drivers/STM32G0xx_HAL_Driver/Src/stm32g0xx_hal_tim_ex.o
                                      0x9f8d4 (size before relaxing)
 .debug_str     0x00000000000a6753      0x9cc ./Drivers/STM32G0xx_HAL_Driver/Src/stm32g0xx_hal_uart.o
                                      0x9f9cf (size before relaxing)
 .debug_str     0x00000000000a711f      0x264 ./Drivers/STM32G0xx_HAL_Driver/Src/stm32g0xx_hal_uart_ex.o
                                      0x9f28e (size before relaxing)

.comment        0x0000000000000000       0x50
 .comment       0x0000000000000000       0x50 ./Core/Src/main.o
                                         0x51 (size before relaxing)
 .comment       0x0000000000000050       0x51 ./Core/Src/stm32g0xx_hal_msp.o
 .comment       0x0000000000000050       0x51 ./Core/Src/stm32g0xx_it.o
 .comment       0x0000000000000050       0x51 ./Core/Src/system_stm32g0xx.o
 .comment       0x0000000000000050       0x51 ./Drivers/STM32G0xx_HAL_Driver/Src/stm32g0xx_hal.o
 .comment       0x0000000000000050       0x51 ./Drivers/STM32G0xx_HAL_Driver/Src/stm32g0xx_hal_cortex.o
 .comment       0x0000000000000050       0x51 ./Drivers/STM32G0xx_HAL_Driver/Src/stm32g0xx_hal_gpio.o
 .comment       0x0000000000000050       0x51 ./Drivers/STM32G0xx_HAL_Driver/Src/stm32g0xx_hal_pwr.o
 .comment       0x0000000000000050       0x51 ./Drivers/STM32G0xx_HAL_Driver/Src/stm32g0xx_hal_pwr_ex.o
 .comment       0x0000000000000050       0x51 ./Drivers/STM32G0xx_HAL_Driver/Src/stm32g0xx_hal_rcc.o
 .comment       0x0000000000000050       0x51 ./Drivers/STM32G0xx_HAL_Driver/Src/stm32g0xx_hal_rcc_ex.o
 .comment       0x0000000000000050       0x51 ./Drivers/STM32G0xx_HAL_Driver/Src/stm32g0xx_hal_rtc.o
 .comment       0x0000000000000050       0x51 ./Drivers/STM32G0xx_HAL_Driver/Src/stm32g0xx_hal_rtc_ex.o
 .comment       0x0000000000000050       0x51 ./Drivers/STM32G0xx_HAL_Driver/Src/stm32g0xx_hal_tim.o
 .comment       0x0000000000000050       0x51 ./Drivers/STM32G0xx_HAL_Driver/Src/stm32g0xx_hal_tim_ex.o
 .comment       0x0000000000000050       0x51 ./Drivers/STM32G0xx_HAL_Driver/Src/stm32g0xx_hal_uart.o
 .comment       0x0000000000000050       0x51 ./Drivers/STM32G0xx_HAL_Driver/Src/stm32g0xx_hal_uart_ex.o

.debug_frame    0x0000000000000000     0x3cc8
 .debug_frame   0x0000000000000000      0x100 ./Core/Src/main.o
 .debug_frame   0x0000000000000100       0xf0 ./Core/Src/stm32g0xx_hal_msp.o
 .debug_frame   0x00000000000001f0       0xf0 ./Core/Src/stm32g0xx_it.o
 .debug_frame   0x00000000000002e0       0x4c ./Core/Src/system_stm32g0xx.o
 .debug_frame   0x000000000000032c      0x3dc ./Drivers/STM32G0xx_HAL_Driver/Src/stm32g0xx_hal.o
 .debug_frame   0x0000000000000708      0x2fc ./Drivers/STM32G0xx_HAL_Driver/Src/stm32g0xx_hal_cortex.o
 .debug_frame   0x0000000000000a04      0x130 ./Drivers/STM32G0xx_HAL_Driver/Src/stm32g0xx_hal_gpio.o
 .debug_frame   0x0000000000000b34      0x170 ./Drivers/STM32G0xx_HAL_Driver/Src/stm32g0xx_hal_pwr.o
 .debug_frame   0x0000000000000ca4      0x32c ./Drivers/STM32G0xx_HAL_Driver/Src/stm32g0xx_hal_pwr_ex.o
 .debug_frame   0x0000000000000fd0      0x214 ./Drivers/STM32G0xx_HAL_Driver/Src/stm32g0xx_hal_rcc.o
 .debug_frame   0x00000000000011e4       0xb0 ./Drivers/STM32G0xx_HAL_Driver/Src/stm32g0xx_hal_rcc_ex.o
 .debug_frame   0x0000000000001294      0x360 ./Drivers/STM32G0xx_HAL_Driver/Src/stm32g0xx_hal_rtc.o
 .debug_frame   0x00000000000015f4      0x578 ./Drivers/STM32G0xx_HAL_Driver/Src/stm32g0xx_hal_rtc_ex.o
 .debug_frame   0x0000000000001b6c      0xf40 ./Drivers/STM32G0xx_HAL_Driver/Src/stm32g0xx_hal_tim.o
 .debug_frame   0x0000000000002aac      0x620 ./Drivers/STM32G0xx_HAL_Driver/Src/stm32g0xx_hal_tim_ex.o
 .debug_frame   0x00000000000030cc      0x8d8 ./Drivers/STM32G0xx_HAL_Driver/Src/stm32g0xx_hal_uart.o
 .debug_frame   0x00000000000039a4      0x25c ./Drivers/STM32G0xx_HAL_Driver/Src/stm32g0xx_hal_uart_ex.o
 .debug_frame   0x0000000000003c00       0x2c c:/st/stm32cubeide_1.7.0/stm32cubeide/plugins/com.st.stm32cube.ide.mcu.externaltools.gnu-tools-for-stm32.10.3-2021.10.win32_1.0.0.202111181127/tools/bin/../lib/gcc/arm-none-eabi/10.3.1/../../../../arm-none-eabi/lib/thumb/v6-m/nofp\libc_nano.a(lib_a-init.o)
 .debug_frame   0x0000000000003c2c       0x20 c:/st/stm32cubeide_1.7.0/stm32cubeide/plugins/com.st.stm32cube.ide.mcu.externaltools.gnu-tools-for-stm32.10.3-2021.10.win32_1.0.0.202111181127/tools/bin/../lib/gcc/arm-none-eabi/10.3.1/../../../../arm-none-eabi/lib/thumb/v6-m/nofp\libc_nano.a(lib_a-memset.o)
 .debug_frame   0x0000000000003c4c       0x20 c:/st/stm32cubeide_1.7.0/stm32cubeide/plugins/com.st.stm32cube.ide.mcu.externaltools.gnu-tools-for-stm32.10.3-2021.10.win32_1.0.0.202111181127/tools/bin/../lib/gcc/arm-none-eabi/10.3.1/thumb/v6-m/nofp\libgcc.a(_udivsi3.o)
 .debug_frame   0x0000000000003c6c       0x20 c:/st/stm32cubeide_1.7.0/stm32cubeide/plugins/com.st.stm32cube.ide.mcu.externaltools.gnu-tools-for-stm32.10.3-2021.10.win32_1.0.0.202111181127/tools/bin/../lib/gcc/arm-none-eabi/10.3.1/thumb/v6-m/nofp\libgcc.a(_divsi3.o)
 .debug_frame   0x0000000000003c8c       0x3c c:/st/stm32cubeide_1.7.0/stm32cubeide/plugins/com.st.stm32cube.ide.mcu.externaltools.gnu-tools-for-stm32.10.3-2021.10.win32_1.0.0.202111181127/tools/bin/../lib/gcc/arm-none-eabi/10.3.1/thumb/v6-m/nofp\libgcc.a(_udivmoddi4.o)
